histogram 25 complete 8.24
histogram 26 complete 30.95
histogram 27 complete 95.39
[
  {
    "m": 25,
    "s": 1,
    "scalar_differences": {
      "input": {
        "old": "157491989/11639628",
        "new": "7112871173/267711444"
      },
      "fine": {
        "old": "157491989/11639628",
        "new": "7112871173/267711444"
      },
      "output": {
        "old": "1044094291/257414850",
        "new": "64809737/8580495"
      },
      "merge": {
        "old": "63411442109/6692786100",
        "new": "25454036893/1338557220"
      },
      "defect": {
        "old": "63411442109/6692786100",
        "new": "25454036893/1338557220"
      }
    },
    "changed_merge_terms": [
      "2",
      "3",
      "4",
      "5",
      "6",
      "7",
      "8",
      "9",
      "10",
      "11",
      "12",
      "13",
      "14",
      "15",
      "16",
      "17",
      "18",
      "19",
      "20",
      "21",
      "22",
      "23",
      "24",
      "25"
    ],
    "signed_int64_negative_control_reproduces_old": false,
    "lift_terms_match": true
  },
  {
    "m": 25,
    "s": 2,
    "scalar_differences": {
      "input": {
        "old": "307138453/8112468",
        "new": "678414974/9561123"
      },
      "fine": {
        "old": "516993275/14872858",
        "new": "14951427217/267711444"
      },
      "output": {
        "old": "520678777/34321980",
        "new": "4288365832/128707425"
      },
      "lift": {
        "old": "-276563333/89237148",
        "new": "-4044192055/267711444"
      },
      "merge": {
        "old": "460051271/23483460",
        "new": "50263552387/2230928700"
      },
      "defect": {
        "old": "73360803/3233230",
        "new": "62973864634/1673196525"
      }
    },
    "changed_merge_terms": [
      "2",
      "3",
      "4",
      "5",
      "6",
      "7",
      "8",
      "9",
      "10",
      "11",
      "12",
      "13",
      "14",
      "15",
      "16",
      "17",
      "18",
      "19",
      "20",
      "21",
      "22",
      "23",
      "24",
      "25"
    ],
    "signed_int64_negative_control_reproduces_old": false,
    "lift_terms_match": false
  },
  {
    "m": 25,
    "s": 3,
    "scalar_differences": {
      "input": {
        "old": "1439083526/9561123",
        "new": "18099033877/66927861"
      },
      "fine": {
        "old": "7011103805/66927861",
        "new": "7933243939/44618574"
      },
      "output": {
        "old": "1513351757/36773550",
        "new": "12097893527/128707425"
      },
      "lift": {
        "old": "-340275653/7436429",
        "new": "-953718149/10296594"
      },
      "merge": {
        "old": "212840180363/3346393050",
        "new": "280448063723/3346393050"
      },
      "defect": {
        "old": "52280603459/478056150",
        "new": "295203231074/1673196525"
      }
    },
    "changed_merge_terms": [
      "3",
      "4",
      "5",
      "6",
      "7",
      "8",
      "9",
      "10",
      "11",
      "12",
      "13",
      "14",
      "15",
      "16",
      "17",
      "18",
      "19",
      "20",
      "21",
      "22",
      "23",
      "24",
      "25"
    ],
    "signed_int64_negative_control_reproduces_old": false,
    "lift_terms_match": false
  },
  {
    "m": 25,
    "s": 4,
    "scalar_differences": {
      "input": {
        "old": "31330013170/66927861",
        "new": "73521550/106743"
      },
      "fine": {
        "old": "29085501398/66927861",
        "new": "4049463824/9561123"
      },
      "output": {
        "old": "2382761232/14300825",
        "new": "35272882058/128707425"
      },
      "lift": {
        "old": "-2244511772/66927861",
        "new": "-17751765082/66927861"
      },
      "merge": {
        "old": "40759497346/152108775",
        "new": "83369567482/557732175"
      },
      "defect": {
        "old": "72066752158/239028075",
        "new": "693902829496/1673196525"
      }
    },
    "changed_merge_terms": [
      "4",
      "5",
      "6",
      "7",
      "8",
      "9",
      "10",
      "11",
      "12",
      "13",
      "14",
      "15",
      "16",
      "17",
      "18",
      "19",
      "20",
      "21",
      "22",
      "23",
      "24",
      "25"
    ],
    "signed_int64_negative_control_reproduces_old": false,
    "lift_terms_match": false
  },
  {
    "m": 25,
    "s": 5,
    "scalar_differences": {
      "input": {
        "old": "17324570422/9561123",
        "new": "165053371772/66927861"
      },
      "fine": {
        "old": "11104417642/9561123",
        "new": "99473711374/66927861"
      },
      "output": {
        "old": "13462485578/25741485",
        "new": "94662094328/128707425"
      },
      "lift": {
        "old": "-121963780/187473",
        "new": "-9368522914/9561123"
      },
      "merge": {
        "old": "23738033884/37182145",
        "new": "1256235558086/1673196525"
      },
      "defect": {
        "old": "143782550752/111546435",
        "new": "29249768364/16900975"
      }
    },
    "changed_merge_terms": [
      "4",
      "5",
      "6",
      "7",
      "8",
      "9",
      "10",
      "11",
      "12",
      "13",
      "14",
      "15",
      "16",
      "17",
      "18",
      "19",
      "20",
      "21",
      "22",
      "23",
      "24",
      "25"
    ],
    "signed_int64_negative_control_reproduces_old": false,
    "lift_terms_match": false
  },
  {
    "m": 25,
    "s": 6,
    "scalar_differences": {
      "output": {
        "old": "15208733984/7571025",
        "new": "19019206456/6774075"
      },
      "merge": {
        "old": "90414979936/32807775",
        "new": "1091516730856/557732175"
      },
      "defect": {
        "old": "7133125024936/1673196525",
        "new": "5796511240768/1673196525"
      }
    },
    "changed_merge_terms": [],
    "signed_int64_negative_control_reproduces_old": false,
    "lift_terms_match": true
  },
  {
    "m": 26,
    "s": 2,
    "scalar_differences": {
      "input": {
        "old": "1513351757/36773550",
        "new": "12097893527/128707425"
      },
      "fine": {
        "old": "10108591303/257414850",
        "new": "798289126/11700675"
      },
      "output": {
        "old": "3517100863/212469400",
        "new": "7671551677/185910725"
      },
      "lift": {
        "old": "-242435498/128707425",
        "new": "-9290513/360525"
      },
      "merge": {
        "old": "304069393387/13385572200",
        "new": "1804455197/66927861"
      },
      "defect": {
        "old": "2475809663/100643400",
        "new": "88228650758/1673196525"
      }
    },
    "changed_merge_terms": [
      "2",
      "3",
      "4",
      "5",
      "6",
      "7",
      "8",
      "9",
      "10",
      "11",
      "12",
      "13",
      "14",
      "15",
      "16",
      "17",
      "18",
      "19",
      "20",
      "21",
      "22",
      "23",
      "24",
      "25",
      "26"
    ],
    "signed_int64_negative_control_reproduces_old": false,
    "lift_terms_match": false
  },
  {
    "m": 26,
    "s": 3,
    "scalar_differences": {
      "input": {
        "old": "2382761232/14300825",
        "new": "35272882058/128707425"
      },
      "fine": {
        "old": "3044877181/25741485",
        "new": "6942004742/42902475"
      },
      "output": {
        "old": "1556952119/33801950",
        "new": "16369791441/185910725"
      },
      "lift": {
        "old": "-6220465183/128707425",
        "new": "-14446867832/128707425"
      },
      "merge": {
        "old": "241695773749/3346393050",
        "new": "41136687323/557732175"
      },
      "defect": {
        "old": "1948926901/16166150",
        "new": "8891981251/47805615"
      }
    },
    "changed_merge_terms": [
      "3",
      "4",
      "5",
      "6",
      "7",
      "8",
      "9",
      "10",
      "11",
      "12",
      "13",
      "14",
      "15",
      "16",
      "17",
      "18",
      "19",
      "20",
      "21",
      "22",
      "23",
      "24",
      "25",
      "26"
    ],
    "signed_int64_negative_control_reproduces_old": false,
    "lift_terms_match": false
  },
  {
    "m": 26,
    "s": 4,
    "scalar_differences": {
      "input": {
        "old": "13462485578/25741485",
        "new": "94662094328/128707425"
      },
      "fine": {
        "old": "20468392288/42902475",
        "new": "57714644524/128707425"
      },
      "output": {
        "old": "33369441228/185910725",
        "new": "54237324234/185910725"
      },
      "lift": {
        "old": "-5907251026/128707425",
        "new": "-36947449804/128707425"
      },
      "merge": {
        "old": "3017832292/10140585",
        "new": "262154460706/1673196525"
      },
      "defect": {
        "old": "574736591518/1673196525",
        "new": "742471308158/1673196525"
      }
    },
    "changed_merge_terms": [
      "4",
      "5",
      "6",
      "7",
      "8",
      "9",
      "10",
      "11",
      "12",
      "13",
      "14",
      "15",
      "16",
      "17",
      "18",
      "19",
      "20",
      "21",
      "22",
      "23",
      "24",
      "25",
      "26"
    ],
    "signed_int64_negative_control_reproduces_old": false,
    "lift_terms_match": false
  },
  {
    "m": 26,
    "s": 5,
    "scalar_differences": {
      "input": {
        "old": "15208733984/7571025",
        "new": "19019206456/6774075"
      },
      "fine": {
        "old": "14608470812/11700675",
        "new": "71628984376/42902475"
      },
      "output": {
        "old": "6286982074/10935925",
        "new": "151183408564/185910725"
      },
      "lift": {
        "old": "-1716759628/2258025",
        "new": "-146477969536/128707425"
      },
      "merge": {
        "old": "1127103068794/1673196525",
        "new": "477626571196/557732175"
      },
      "defect": {
        "old": "20161529018/14060475",
        "new": "3337093317556/1673196525"
      }
    },
    "changed_merge_terms": [
      "4",
      "5",
      "6",
      "7",
      "8",
      "9",
      "10",
      "11",
      "12",
      "13",
      "14",
      "15",
      "16",
      "17",
      "18",
      "19",
      "20",
      "21",
      "22",
      "23",
      "24",
      "25",
      "26"
    ],
    "signed_int64_negative_control_reproduces_old": false,
    "lift_terms_match": false
  },
  {
    "m": 26,
    "s": 6,
    "scalar_differences": {
      "output": {
        "old": "84425424112/37182145",
        "new": "582909417996/185910725"
      },
      "merge": {
        "old": "82185982784/26558675",
        "new": "948557396/425425"
      },
      "defect": {
        "old": "1639533493792/334639305",
        "new": "6750626792036/1673196525"
      }
    },
    "changed_merge_terms": [],
    "signed_int64_negative_control_reproduces_old": false,
    "lift_terms_match": true
  }
]
elapsed 95.4

STDERR:
