muse: workspace root: /home/mdp/muse-work/cp22-flank (cwd default)
muse: workspace trust: trusted source=run-flag
muse: retrying meta model stream in 5000ms (attempt 2/10)
muse: retrying meta model stream in 5000ms (attempt 2/10)
muse: retrying meta model stream in 5000ms (attempt 2/10)
[EXACT COMPUTATION] Gate reproduced from scratch: all of (4,2), (3,2), (2,1), ADV1, ADV2, and the (18,2)[14,14] radius-1 witness match exactly.

[EXACT COMPUTATION] Forced index re-verified: Ehat/Ohat are exactly q-periodic, the lift weight is exactly q-antiperiodic, pair sums equal defect on every row, and mod-N refinement shows spurious negatives on all 35 rows — so mod-N splitting is an invention.

[EXACT COMPUTATION] Route-B extended grid: 35 rows (s=4: m=5..24; s=5: m=6..20), all pair-positive, no kill; the (13,4) dip to ~0.20 is an isolated fluctuation (neighbors 2.27 and 8.15), not decay to zero — and a finite table is NEVER a uniform theorem.

[EXACT COMPUTATION] Cap: B_w mod 3^k uses only 2·3^{k-1} classes (B mod 3 never 0), occupancy saturates the allowed set, collisions match allowed-uniform within ~5%; sharpest provable ceiling remains T4 (0 violations on 209 entries) with T6 adding nothing — and that table is NEVER a uniform theorem.

```json
{
  "gate_ok": true,
  "index_verified": true,
  "B_rows_computed": 35,
  "B_min_trend": [
    {"m": 5, "s": 4, "defect": "448/15", "min_pair": 3, "min_mid": 1.366376},
    {"m": 6, "s": 4, "defect": "116/3", "min_pair": 3, "min_mid": 3.410051},
    {"m": 7, "s": 4, "defect": "184/5", "min_pair": 3, "min_mid": 2.388272},
    {"m": 8, "s": 4, "defect": "4924/105", "min_pair": 5, "min_mid": 2.40666},
    {"m": 9, "s": 4, "defect": "17036/315", "min_pair": 5, "min_mid": 4.600421},
    {"m": 10, "s": 4, "defect": "18052/315", "min_pair": 5, "min_mid": 4.731433},
    {"m": 11, "s": 4, "defect": "223156/3465", "min_pair": 3, "min_mid": 3.70303},
    {"m": 12, "s": 4, "defect": "281602/3465", "min_pair": 5, "min_mid": 2.267886},
    {"m": 13, "s": 4, "defect": "467708/6435", "min_pair": 5, "min_mid": 0.201708},
    {"m": 14, "s": 4, "defect": "4438396/45045", "min_pair": 5, "min_mid": 8.150444},
    {"m": 15, "s": 4, "defect": "977596/9009", "min_pair": 5, "min_mid": 4.182226},
    {"m": 16, "s": 4, "defect": "5292533/45045", "min_pair": 5, "min_mid": 3.569651},
    {"m": 17, "s": 4, "defect": "102338438/765765", "min_pair": 5, "min_mid": 4.035889},
    {"m": 18, "s": 4, "defect": "40792018/255255", "min_pair": 5, "min_mid": 8.796234},
    {"m": 19, "s": 4, "defect": "513642152/2909907", "min_pair": 5, "min_mid": 4.128398},
    {"m": 20, "s": 4, "defect": "3057227617/14549535", "min_pair": 5, "min_mid": 5.617114},
    {"m": 21, "s": 4, "defect": "73138022/323323", "min_pair": 5, "min_mid": 4.740628},
    {"m": 22, "s": 4, "defect": "218356442/765765", "min_pair": 5, "min_mid": 11.508179},
    {"m": 23, "s": 4, "defect": "110093741608/334639305", "min_pair": 5, "min_mid": 13.57516},
    {"m": 24, "s": 4, "defect": "118028899399/334639305", "min_pair": 5, "min_mid": 21.261545},
    {"m": 6, "s": 5, "defect": "1496/15", "min_pair": 13, "min_mid": 2.25934},
    {"m": 7, "s": 5, "defect": "320/3", "min_pair": 7, "min_mid": 3.342102},
    {"m": 8, "s": 5, "defect": "4896/35", "min_pair": 1, "min_mid": 4.053652},
    {"m": 9, "s": 5, "defect": "54704/315", "min_pair": 7, "min_mid": 2.728803},
    {"m": 10, "s": 5, "defect": "3332/15", "min_pair": 1, "min_mid": 4.803744},
    {"m": 11, "s": 5, "defect": "20288/77", "min_pair": 13, "min_mid": 6.088799},
    {"m": 12, "s": 5, "defect": "984884/3465", "min_pair": 1, "min_mid": 5.503773},
    {"m": 13, "s": 5, "defect": "16374928/45045", "min_pair": 1, "min_mid": 5.5474},
    {"m": 14, "s": 5, "defect": "18670436/45045", "min_pair": 1, "min_mid": 8.189086},
    {"m": 15, "s": 5, "defect": "1651592/3465", "min_pair": 3, "min_mid": 9.23381},
    {"m": 16, "s": 5, "defect": "475268/819", "min_pair": 13, "min_mid": 11.238572},
    {"m": 17, "s": 5, "defect": "36242224/58905", "min_pair": 1, "min_mid": 12.951445},
    {"m": 18, "s": 5, "defect": "106863136/153153", "min_pair": 3, "min_mid": 13.295967},
    {"m": 19, "s": 5, "defect": "12134289572/14549535", "min_pair": 3, "min_mid": 12.776517},
    {"m": 20, "s": 5, "defect": "2749494974/2909907", "min_pair": 1, "min_mid": 13.086191}
  ],
  "B_verdict": "[EXACT COMPUTATION] Route (B) ALIVE on 35 new rows: all pair signs +1, sum_a Delta = defect exactly every row. The 1.366->0.2017 fall is fluctuation, not decay: s=4 rebounds to 8.15/4.18/3.57 then 21.26 at m=24; s=5 rises 2.26->13.09 with moving carrier. No c/m or c*rho^m decay fits; baseline grows with defect. Finite table is NEVER a uniform theorem.",
  "B_kill_witness": null,
  "cap_bound": "[PROOF] Sharpest provable ceiling stood behind: T4 M(m,k) <= floor(2^(m-k)*(3^(k-1)-2^(k-1))/3^k)+1, plus T6 recurrence (verified, numerically no better at sampled points: cap(10,4,2)<=16, cap(12,5,2)<=35, cap(13,4,4)<=121, all equal T4). Exact structural restriction proved and re-verified: B_w mod 3 in {1,2}, so occupancy <= 2*3^(k-1) (saturated: 54/162/486). This gives a pigeonhole LOWER bound on max, not an upper bound. Forward-T7r containment is circular for counting (t-class sizes are the unbounded quantity) -> [FAIL] no quantitative improvement from it.",
  "cap_tightness": "[EXACT COMPUTATION] T4 holds on all 209 M-table entries, 0 violations; ratios T4/true: (12,4)=61/5=12.2, (18,10)=12, (20,6)=1581/13~121.62, (20,5)=4383/17~257.82, (17,3)=3035/8=379.38. Uniform-over-full-3^k birthday miscalibrated by ~3/2 (obs/expFull=5935518/3755521~1.58 at (20,6)); uniform-over-allowed-2*3^(k-1) matches within ~5% (obs/expAllow=3957012/3755521~1.05; (18,6)~1.053; (15,5) 241623/250250~0.966). Stabilisation verified on 104 (m,k) groups, 0 violations. Finite tables, NEVER uniform theorems.",
  "files": [
    "/home/mdp/muse-work/cp22-flank/flank/flank_gate.py",
    "/home/mdp/muse-work/cp22-flank/flank/flank_cyc.py",
    "/home/mdp/muse-work/cp22-flank/flank/flank_freq.py",
    "/home/mdp/muse-work/cp22-flank/flank/flank_Btrend.py",
    "/home/mdp/muse-work/cp22-flank/flank/flank_Btrend.json",
    "/home/mdp/muse-work/cp22-flank/flank/flank_cap.py",
    "/home/mdp/muse-work/cp22-flank/flank/flank_cap2.py"
  ]
}
```

Details: gate script [flank_gate.py](/home/mdp/muse-work/cp22-flank/flank/flank_gate.py) reproduces every calibration row; [flank_cyc.py](/home/mdp/muse-work/cp22-flank/flank/flank_cyc.py) and [flank_freq.py](/home/mdp/muse-work/cp22-flank/flank/flank_freq.py) verify the forced pair index (per-N negatives 6/16 on s=4 rows, 8–12/32 on s=5 rows); trend data and exact intervals in [flank_Btrend.json](/home/mdp/muse-work/cp22-flank/flank/flank_Btrend.json) (35 rows, idD exact every row); cap distribution and bounds in [flank_cap.py](/home/mdp/muse-work/cp22-flank/flank/flank_cap.py) and [flank_cap2.py](/home/mdp/muse-work/cp22-flank/flank/flank_cap2.py). Midpoints above are display-only floats for trend discussion; all claimed identities, signs, counts, and ratios are exact integers/Fractions/cyclotomics.
